[13:45:46] [Render thread/INFO] [JMLogger] JourneyMap log initialized.
[13:45:46] [Render thread/INFO] [JourneymapClient] initialize ENTER
[13:45:46] [Render thread/INFO] [ClientAPI] [ClientAPI] built with JourneyMap API 2.0.0-SNAPSHOT
[13:45:46] [Render thread/INFO] [PluginHelper] Initializing plugins with Client API: journeymap.api.client.impl.ClientAPI
[13:45:46] [Render thread/INFO] [PluginHelper] Initialized IClientPlugin: journeymap.api.plugins.LoadedChunkOverlayPlugin
[13:45:46] [Render thread/INFO] [PluginHelper] Initialized IClientPlugin: net.blay09.mods.waystones.compat.JourneyMapIntegration
[13:45:47] [Render thread/WARN] [PropertiesBase] core (Initialized) Bad configField entry during updateFrom(): optionsManagerViewed=null
[13:45:47] [Render thread/INFO] [?] Version: JourneyMap 1.21.11-6.0.0-beta.56, built with fabric 0.139.4+1.21.11
fabric: 0.18.2
Environment: os.name, os.arch, java.version, user.country, user.language=null, game language=en_us, locale=en_us
SP: : GRANJA de SHULKERS 23k : Iron Descent by Aurigas : Jotunheimr : 
MP: : offline : 
Features: 
	RadarPlayers : singleplayer = true , multiplayer = true
	RadarAnimals : singleplayer = true , multiplayer = true
	RadarMobs : singleplayer = true , multiplayer = true
	RadarVillagers : singleplayer = true , multiplayer = true
	MapTopo : singleplayer = true , multiplayer = true
	MapSurface : singleplayer = true , multiplayer = true
	MapCaves : singleplayer = true , multiplayer = true
	MapBiome : singleplayer = true , multiplayer = true
MiniMapProperties{state=Valid, file=journeymap.minimap.config, configVersion=6.0.0-beta.56, infoSlotTimeFormat=HH:mm:ss, zoomLevel=512, compassFontScale=1.0, infoSlotFontScale=1.0, terrainAlpha=100, showEntityNames=false, showPassiveNames=false, positionX=0.9, positionY=0.25, effectVertical=false, showPlayerHeading=true, sizePercent=30, playerDisplayScale=1.0, showDayNight=true, showPets=true, showPlayerNames=true, preferredMapType=day, showCompass=true, showNpcNames=false, mobDisplay=jm.common.entity_display.dots_and_outlined_icons, showHostileNames=false, systemTimeRealFormat=HH:mm:ss, shape=jm.minimap.shape_circle, showSelf=true, showVillagerNames=false, selfDisplayScale=1.0, showGrid=true, reticleOrientation=jm.minimap.orientation.compass, minimapLockedMapType=jm.common.map_type.auto, effectTranslateX=0, info3LabelPosition=jm.minimap.info_slot.bottom, showWaypoints=true, info2LabelPosition=jm.minimap.info_slot.top, minimapKeyMovementSpeed=0.001, info1LabelPosition=jm.minimap.info_slot.top, showAnimals=true, infoSlotAlpha=0.7, effectTranslateY=0, showWaypointLabels=true, showAmbientNames=false, moveEffectIcons=true, showTeamNames=true, position=jm.minimap.position_topright, fontScale=1.0, info4LabelPosition=jm.minimap.info_slot.bottom, showPlayers=true, waypointIconScale=1.0, frameAlpha=100, effectReversed=false, backgroundAlpha=0.8, enabled=true, showVillagers=true, info2Label=jm.theme.labelsource.gametime, info3Label=jm.theme.labelsource.location, caveLayer=4, showMobs=true, waypointLabelScale=1.0, showReticle=true, orientation=jm.minimap.orientation.north, info4Label=jm.theme.labelsource.biome, locationFormat=xzyv, playerDisplay=jm.common.entity_display.outlined_icons, mobDisplayScale=1.0, showOffScreenPlayers=true, showCaves=true, hideEffectIcons=false, showMobHeading=true, locationFormatVerbose=true, showAmbientCreatures=false, showPetNames=false, info1Label=jm.theme.labelsource.blank, showNoIconNames=true}
MiniMapProperties{state=Valid, file=journeymap.minimap2.config, configVersion=6.0.0-beta.56, infoSlotTimeFormat=HH:mm:ss, zoomLevel=512, compassFontScale=1.0, infoSlotFontScale=1.0, terrainAlpha=100, showEntityNames=false, showPassiveNames=false, positionX=0.9, positionY=0.25, effectVertical=false, showPlayerHeading=true, sizePercent=30, playerDisplayScale=1.0, showDayNight=true, showPets=true, showPlayerNames=true, preferredMapType=day, showCompass=true, showNpcNames=false, mobDisplay=jm.common.entity_display.dots_and_outlined_icons, showHostileNames=false, systemTimeRealFormat=HH:mm:ss, shape=jm.minimap.shape_rectangle, showSelf=true, showVillagerNames=false, selfDisplayScale=1.0, showGrid=true, reticleOrientation=jm.minimap.orientation.compass, minimapLockedMapType=jm.common.map_type.auto, effectTranslateX=0, info3LabelPosition=jm.minimap.info_slot.bottom, showWaypoints=true, info2LabelPosition=jm.minimap.info_slot.top, minimapKeyMovementSpeed=0.001, info1LabelPosition=jm.minimap.info_slot.top, showAnimals=true, infoSlotAlpha=0.7, effectTranslateY=0, showWaypointLabels=true, showAmbientNames=false, moveEffectIcons=true, showTeamNames=true, position=jm.minimap.position_topright, fontScale=1.0, info4LabelPosition=jm.minimap.info_slot.bottom, showPlayers=true, waypointIconScale=1.0, frameAlpha=100, effectReversed=false, backgroundAlpha=0.8, enabled=true, showVillagers=true, info2Label=jm.theme.labelsource.gametime, info3Label=jm.theme.labelsource.location, caveLayer=4, showMobs=true, waypointLabelScale=1.0, showReticle=true, orientation=jm.minimap.orientation.north, info4Label=jm.theme.labelsource.biome, locationFormat=xzyv, playerDisplay=jm.common.entity_display.outlined_icons, mobDisplayScale=1.0, showOffScreenPlayers=true, showCaves=true, hideEffectIcons=false, showMobHeading=true, locationFormatVerbose=true, showAmbientCreatures=false, showPetNames=false, info1Label=jm.theme.labelsource.blank, showNoIconNames=true}
FullMapProperties{state=Valid, file=journeymap.fullmap.config, configVersion=6.0.0-beta.56, zoomLevel=2048, minimalMode=false, showPlayers=true, waypointIconScale=1.0, showEntityNames=false, showPassiveNames=false, showPlayerHeading=true, showVillagers=true, showPlayerLoc=true, showKeys=true, playerDisplayScale=1.0, showMobs=true, showPets=true, waypointLabelScale=1.0, showPlayerNames=true, preferredMapType=day, showNpcNames=false, mobDisplay=jm.common.entity_display.dots_and_outlined_icons, showHostileNames=false, showSelf=true, locationFormat=xzyv, playerDisplay=jm.common.entity_display.outlined_icons, showVillagerNames=false, mobDisplayScale=1.0, selfDisplayScale=1.0, showOffScreenPlayers=true, showGrid=true, showMouseLoc=true, showWaypoints=true, showCaves=true, showThemeButton=true, showAnimals=true, showMobHeading=true, showWaypointLabels=true, locationFormatVerbose=true, showAmbientNames=false, showAmbientCreatures=false, showTeamNames=true, showPetNames=false, fontScale=1.0, showNoIconNames=true}
WaypointProperties{state=Valid, file=journeymap.waypoint.config, configVersion=6.0.0-beta.56, autoRemoveDeathpointDistance=2, showPlayers=false, dateFormat=MM-dd-yyyy, autoHideIconAngle=5, autoRemoveDeathpoints=false, autoHideIcon=false, autoHideLabelAngle=5, displayOnLocatorBar=false, renderWaypointsWorld=true, showDeleteConfirmation=true, managerDimensionFocus=false, fullscreenDoubleClickToCreate=true, minDistance=4, coordinatesFormat=XZY, boldLabel=false, disableShare=false, showDeathpointlabel=true, textureSmall=true, useActionsButton=false, beaconEnabled=true, createDeathpoints=true, disableStrikeThrough=false, renderWaypointsMap=true, showName=true, maxDistance=0, ignoreRenderDistance=false, autoHideLabel=true, autoRemoveTempWaypoints=2, teleportCommand=/execute in {dim} run tp {name} {x} {y} {z}, showStaticBeam=true, renderWaypoints=true, wholeNumberTeleportCoords=false, timeFormat=HH:mm:ss, shaderBeacon=false, showDistance=true, showRotatingBeam=true, fontScale=2.0, managerEnabled=true}
WebMapProperties{state=Valid, file=journeymap.webmap.config, configVersion=6.0.0-beta.56, port=8080, enabled=false}
CoreProperties{state=Valid, file=journeymap.core.config, configVersion=6.0.0-beta.56, maxPlayersData=32, mapSurfaceAboveCaves=true, dataCachingEnabled=true, maxAmbientCreaturesData=32, optionsManagerViewed=null, announceMod=true, ignoreSnow=false, colorPassive=#bbbbbb, colorPassiveLabel=#bbbbbb, mapShadows=true, mapBlendWater=true, playerIconFade=true, renderDistanceSurfaceMax=0, seedId=false, colorPetLabel=#0077ff, radarVerticalDistance=16, mapBlendGrass=true, recordCacheStats=false, hideSneakingEntities=true, initialSortOrder=Name, colorPlayerLabel=#ffffff, revealShape=jm.minimap.shape_circle, mapBiome=true, caveShader=jm.common.map_filter.default, mipmapLevels=5, colorVillagerLabel=#88e188, alwaysMapSurface=false, biomeShader=jm.common.map_filter.default, colorVillager=#88e188, mapPlants=false, colorPet=#0077ff, sortDescending=true, radarLateralDistance=64, mapBathymetry=false, mapCrops=true, maxMobsData=32, dayShader=jm.common.map_filter.default, mapPlantShadows=false, alwaysMapCaves=false, checkUpdates=true, colorHostileLabel=#ff0000, mapBlendFoliage=true, topoMax=0, hideSpectators=false, mappingEnabled=true, colorPlayer=#ffffff, cacheVillagersData=2200, logLevel=INFO, maxVillagersData=32, mapWaterBiomeColors=true, maxAnimalsData=32, mapTransparency=true, caveBlackAsClear=false, caveModeThreshold=2, legacyIcons=false, netherShader=jm.common.map_filter.default, caveIgnoreGlass=true, mapTopography=true, renderDistanceCaveMax=0, mapAntialiasing=true, colorSelf=#0000ff, cachePlayersData=2000, mapOnlyPlayerChunk=false, nightShader=jm.common.map_filter.default, cacheMobsData=3000, cachePlayerData=1000, splashViewed=6.0.0-beta.56, colorHostile=#ff0000, topoShader=jm.common.map_filter.default, allowMiniMapBehindScreens=true, cacheAnimalsData=3100, ignoreHeightmaps=false, themeName=Purist, mapCaveLighting=true, renderDelay=2, mobIconFade=true, serverIp=false, glErrorChecking=false, autoMapPoll=2000}
[13:45:47] [Render thread/INFO] [JourneymapClient] initialize EXIT, elapsed count 1 avg 465,95ms
[13:45:49] [Render thread/INFO] [ThemeLoader] Preloaded theme textures: 73
[13:45:52] [Render thread/INFO] [JourneymapClient] postInitialize EXIT, elapsed count 1 avg 4968,93ms
[13:45:56] [Render thread/INFO] [ColorPalette] Color palette file generated for 0 blockstates in 0ms for: Default Palette
[13:55:02] [Render thread/INFO] [ColorPalette] Color palette file generated for 0 blockstates in 0ms for: Default Palette
[13:57:51] [Render thread/WARN] [PropertiesBase] core (Initialized) Bad configField entry during updateFrom(): optionsManagerViewed=null
[13:57:51] [Render thread/INFO] [WaypointHandler] Resetting Waypoints and Groups.
[13:57:51] [Render thread/INFO] [WaypointStore] Loaded 0 waypoints from disk.
[13:57:51] [Render thread/INFO] [WaypointGroupStore] Loaded 0 waypoint groups from disk.
[13:57:51] [Render thread/INFO] [LegacyWaypointFileMigrator] 0 Legacy waypoints found that need to be migrated and backed up.
[13:57:51] [Render thread/INFO] [ColorPalette] Color palette file generated for 0 blockstates in 1ms for: C:\Users\Albert\AppData\Roaming\ModrinthApp\profiles\Jotunheimr\journeymap\colorpalette.json
[13:57:51] [Render thread/INFO] [ColorPalette] Color palette file generated for 0 blockstates in 2ms for: C:\Users\Albert\AppData\Roaming\ModrinthApp\profiles\Jotunheimr\journeymap\data\sp\World_Spawn_2_2025-10-10@19-43-00\colorpalette.json
[13:57:51] [Render thread/INFO] [JourneymapClient] Mapping started in C:\Users\Albert\AppData\Roaming\ModrinthApp\profiles\Jotunheimr\journeymap\data\sp\World_Spawn_2_2025-10-10@19-43-00\overworld. Memory: 1480MB total, 169MB free 
[13:57:51] [Render thread/INFO] [InternalStateHandler] Connection initiated with Journeymap Server: true
[13:57:51] [Render thread/INFO] [InternalStateHandler] Teleport Enabled: true
[13:57:51] [Render thread/INFO] [InternalStateHandler] Expanded Radar Enabled: true
[13:57:51] [Render thread/INFO] [InternalStateHandler] Server Admin Enabled: true
[13:57:51] [Render thread/INFO] [InternalStateHandler] Server set show in-game beacons: true
[13:57:51] [Render thread/INFO] [InternalStateHandler] Server set waypoints allowed: true
[13:57:51] [Render thread/INFO] [InternalStateHandler] Server set Server Admin read only mode: true
[13:57:51] [Render thread/INFO] [InternalStateHandler] Server set maxSurfaceRenderDistance to: 0
[13:57:51] [Render thread/INFO] [InternalStateHandler] Server setmaxCaveRenderDistance to: 0
[13:57:51] [Render thread/INFO] [InternalStateHandler] Server set allow mutliplayer options: true
[13:57:51] [Render thread/INFO] [InternalStateHandler] Server set allow rightClickTeleport options: true
[13:57:51] [Render thread/INFO] [InternalStateHandler] Server set allow radarLateralDistance options: 512
[13:57:51] [Render thread/INFO] [InternalStateHandler] Server set allow radarVerticalDistance options: 320
[13:57:51] [Render thread/INFO] [InternalStateHandler] Server set allow maxAnimalsData options: 128
[13:57:51] [Render thread/INFO] [InternalStateHandler] Server set allow maxAmbientCreaturesData options: 128
[13:57:51] [Render thread/INFO] [InternalStateHandler] Server set allow maxMobsData options: 128
[13:57:51] [Render thread/INFO] [InternalStateHandler] Server set allow maxPlayersData options: 128
[13:57:51] [Render thread/INFO] [InternalStateHandler] Server set allow maxVillagersData options: 128
[13:57:51] [Render thread/INFO] [InternalStateHandler] Server set allow playerRadarNamesEnabled options: true
[13:57:51] [Render thread/INFO] [InternalStateHandler] Server set allow minimapEnabled options: true
[13:57:51] [Render thread/INFO] [InternalStateHandler] Server set allow hideCoordinates options: false
[13:59:49] [Render thread/INFO] [ChatLog] JourneyMap: Press [J]
[14:01:16] [Render thread/INFO] [ColorPalette] Color palette file generated for 0 blockstates in 0ms for: Default Palette
[14:01:34] [Render thread/INFO] [ColorPalette] Color palette file generated for 0 blockstates in 0ms for: Default Palette
[14:04:56] [Netty Local IO #1/INFO] [WaypointHandler] Resetting Waypoints and Groups.
[14:04:56] [Netty Local IO #1/INFO] [WaypointStore] Loaded 0 waypoints from disk.
[14:04:56] [Netty Local IO #1/INFO] [WaypointGroupStore] Loaded 4 waypoint groups from disk.
[14:04:58] [Render thread/INFO] [JourneymapClient] Mapping halted in C:\Users\Albert\AppData\Roaming\ModrinthApp\profiles\Jotunheimr\journeymap\data\mp\offline\minecraft:overworld
[14:04:58] [Render thread/INFO] [TextureCache] [JourneyMap]: Purging Theme Images
[14:04:58] [Render thread/INFO] [TextureCache] [JourneyMap]: Purging Region Images
[14:04:58] [Render thread/INFO] [TextureCache] [JourneyMap]: Purging Mob Icon Images
[14:05:41] [Render thread/WARN] [PropertiesBase] core (Initialized) Bad configField entry during updateFrom(): optionsManagerViewed=null
[14:05:41] [Render thread/INFO] [WaypointHandler] Resetting Waypoints and Groups.
[14:05:41] [Render thread/INFO] [WaypointStore] Loaded 26 waypoints from disk.
[14:05:41] [Render thread/INFO] [WaypointGroupStore] Loaded 5 waypoint groups from disk.
[14:05:41] [Render thread/INFO] [LegacyWaypointFileMigrator] 0 Legacy waypoints found that need to be migrated and backed up.
[14:05:41] [Render thread/INFO] [ColorPalette] Color palette file generated for 0 blockstates in 1ms for: C:\Users\Albert\AppData\Roaming\ModrinthApp\profiles\Jotunheimr\journeymap\colorpalette.json
[14:05:41] [Render thread/INFO] [ColorPalette] Color palette file generated for 0 blockstates in 2ms for: C:\Users\Albert\AppData\Roaming\ModrinthApp\profiles\Jotunheimr\journeymap\data\sp\Jotunheimr\colorpalette.json
[14:05:41] [Render thread/INFO] [JourneymapClient] Mapping started in C:\Users\Albert\AppData\Roaming\ModrinthApp\profiles\Jotunheimr\journeymap\data\sp\Jotunheimr\the_nether. Memory: 1882MB total, 1019MB free 
[14:05:42] [Render thread/INFO] [InternalStateHandler] Connection initiated with Journeymap Server: true
[14:05:42] [Render thread/INFO] [InternalStateHandler] Teleport Enabled: true
[14:05:42] [Render thread/INFO] [InternalStateHandler] Expanded Radar Enabled: true
[14:05:42] [Render thread/INFO] [InternalStateHandler] Server Admin Enabled: true
[14:05:42] [Render thread/INFO] [InternalStateHandler] Server set show in-game beacons: true
[14:05:42] [Render thread/INFO] [InternalStateHandler] Server set waypoints allowed: true
[14:05:42] [Render thread/INFO] [InternalStateHandler] Server set Server Admin read only mode: true
[14:05:42] [Render thread/INFO] [InternalStateHandler] Server set maxSurfaceRenderDistance to: 0
[14:05:42] [Render thread/INFO] [InternalStateHandler] Server setmaxCaveRenderDistance to: 0
[14:05:42] [Render thread/INFO] [InternalStateHandler] Server set allow mutliplayer options: true
[14:05:42] [Render thread/INFO] [InternalStateHandler] Server set allow rightClickTeleport options: true
[14:05:42] [Render thread/INFO] [InternalStateHandler] Server set allow radarLateralDistance options: 512
[14:05:42] [Render thread/INFO] [InternalStateHandler] Server set allow radarVerticalDistance options: 320
[14:05:42] [Render thread/INFO] [InternalStateHandler] Server set allow maxAnimalsData options: 128
[14:05:42] [Render thread/INFO] [InternalStateHandler] Server set allow maxAmbientCreaturesData options: 128
[14:05:42] [Render thread/INFO] [InternalStateHandler] Server set allow maxMobsData options: 128
[14:05:42] [Render thread/INFO] [InternalStateHandler] Server set allow maxPlayersData options: 128
[14:05:42] [Render thread/INFO] [InternalStateHandler] Server set allow maxVillagersData options: 128
[14:05:42] [Render thread/INFO] [InternalStateHandler] Server set allow playerRadarNamesEnabled options: true
[14:05:42] [Render thread/INFO] [InternalStateHandler] Server set allow minimapEnabled options: true
[14:05:42] [Render thread/INFO] [InternalStateHandler] Server set allow hideCoordinates options: false
[14:06:55] [Render thread/WARN] [RegionTexture] Can't bind texture: 
java.lang.NullPointerException: Cannot invoke "net.minecraft.class_10868.method_68427()" because "this.field_56974" is null
	at knot//journeymap.client.texture.RegionTexture.bindRegionTexture(RegionTexture.java:87)
	at knot//journeymap.client.texture.RegionTexture.bind(RegionTexture.java:64)
	at knot//journeymap.client.render.map.RegionTile.updateRegionTexture(RegionTile.java:171)
	at knot//journeymap.client.render.map.RegionTile.render(RegionTile.java:58)
	at knot//journeymap.client.render.map.MapRenderer.lambda$render$4(MapRenderer.java:247)
	at knot//journeymap.client.render.pip.RegionTilePipRenderer.render(RegionTilePipRenderer.java:17)
	at knot//journeymap.client.render.pip.RegionTilePipRenderer.render(RegionTilePipRenderer.java:6)
	at knot//journeymap.client.render.pip.AbstractMapPipRenderer.renderToTexture(AbstractMapPipRenderer.java:41)
	at knot//journeymap.client.render.pip.AbstractMapPipRenderer.method_70905(AbstractMapPipRenderer.java:19)
	at knot//net.minecraft.class_11239.method_70913(class_11239.java:57)
	at knot//net.minecraft.class_11228.method_70888(class_11228.java:412)
	at knot//net.minecraft.class_11228.method_71056(class_11228.java:405)
	at knot//net.minecraft.class_11246.method_71065(class_11246.java:209)
	at knot//net.minecraft.class_11246.method_71061(class_11246.java:244)
	at knot//net.minecraft.class_11246.method_71061(class_11246.java:246)
	at knot//net.minecraft.class_11246.method_71074(class_11246.java:239)
	at knot//net.minecraft.class_11246.method_71071(class_11246.java:205)
	at knot//net.minecraft.class_11228.method_70893(class_11228.java:404)
	at knot//net.minecraft.class_11228.method_71290(class_11228.java:203)
	at knot//net.minecraft.class_11228.method_70890(class_11228.java:168)
	at knot//net.minecraft.class_757.method_3192(class_757.java:585)
	at knot//net.minecraft.class_310.method_1523(class_310.java:1393)
	at knot//net.minecraft.class_310.method_1514(class_310.java:966)
	at knot//net.minecraft.client.main.Main.main(Main.java:250)
	at net.fabricmc.loader.impl.game.minecraft.MinecraftGameProvider.launch(MinecraftGameProvider.java:514)
	at net.fabricmc.loader.impl.launch.knot.Knot.launch(Knot.java:72)
	at net.fabricmc.loader.impl.launch.knot.KnotClient.main(KnotClient.java:23)
	at java.base/jdk.internal.reflect.DirectMethodHandleAccessor.invoke(DirectMethodHandleAccessor.java:103)
	at java.base/java.lang.reflect.Method.invoke(Method.java:580)
	at com.modrinth.theseus.MinecraftLaunch.relaunch(MinecraftLaunch.java:63)
	at com.modrinth.theseus.MinecraftLaunch.main(MinecraftLaunch.java:28)
[14:06:57] [Render thread/INFO] [JourneymapClient] Mapping halted in C:\Users\Albert\AppData\Roaming\ModrinthApp\profiles\Jotunheimr\journeymap\data\sp\Jotunheimr\minecraft:the_nether
[14:06:58] [Render thread/WARN] [PropertiesBase] core (Initialized) Bad configField entry during updateFrom(): optionsManagerViewed=null
[14:06:58] [Render thread/INFO] [WaypointHandler] Resetting Waypoints and Groups.
[14:06:58] [Render thread/INFO] [WaypointStore] Loaded 26 waypoints from disk.
[14:06:58] [Render thread/INFO] [WaypointGroupStore] Loaded 5 waypoint groups from disk.
[14:06:58] [Render thread/INFO] [LegacyWaypointFileMigrator] 0 Legacy waypoints found that need to be migrated and backed up.
[14:06:58] [Render thread/INFO] [ColorPalette] Color palette file generated for 0 blockstates in 2ms for: C:\Users\Albert\AppData\Roaming\ModrinthApp\profiles\Jotunheimr\journeymap\colorpalette.json
[14:06:58] [Render thread/INFO] [ColorPalette] Color palette file generated for 0 blockstates in 6ms for: C:\Users\Albert\AppData\Roaming\ModrinthApp\profiles\Jotunheimr\journeymap\data\sp\Jotunheimr\colorpalette.json
[14:06:58] [Render thread/INFO] [JourneymapClient] Mapping started in C:\Users\Albert\AppData\Roaming\ModrinthApp\profiles\Jotunheimr\journeymap\data\sp\Jotunheimr\overworld. Memory: 1882MB total, 1018MB free 
[14:06:58] [Render thread/INFO] [InternalStateHandler] Connection initiated with Journeymap Server: true
[14:06:58] [Render thread/INFO] [InternalStateHandler] Teleport Enabled: true
[14:06:58] [Render thread/INFO] [InternalStateHandler] Expanded Radar Enabled: true
[14:06:58] [Render thread/INFO] [InternalStateHandler] Server Admin Enabled: true
[14:06:58] [Render thread/INFO] [InternalStateHandler] Server set show in-game beacons: true
[14:06:58] [Render thread/INFO] [InternalStateHandler] Server set waypoints allowed: true
[14:06:58] [Render thread/INFO] [InternalStateHandler] Server set Server Admin read only mode: true
[14:06:58] [Render thread/INFO] [InternalStateHandler] Server set maxSurfaceRenderDistance to: 0
[14:06:58] [Render thread/INFO] [InternalStateHandler] Server setmaxCaveRenderDistance to: 0
[14:06:58] [Render thread/INFO] [InternalStateHandler] Server set allow mutliplayer options: true
[14:06:58] [Render thread/INFO] [InternalStateHandler] Server set allow rightClickTeleport options: true
[14:06:58] [Render thread/INFO] [InternalStateHandler] Server set allow radarLateralDistance options: 512
[14:06:58] [Render thread/INFO] [InternalStateHandler] Server set allow radarVerticalDistance options: 320
[14:06:58] [Render thread/INFO] [InternalStateHandler] Server set allow maxAnimalsData options: 128
[14:06:58] [Render thread/INFO] [InternalStateHandler] Server set allow maxAmbientCreaturesData options: 128
[14:06:58] [Render thread/INFO] [InternalStateHandler] Server set allow maxMobsData options: 128
[14:06:58] [Render thread/INFO] [InternalStateHandler] Server set allow maxPlayersData options: 128
[14:06:58] [Render thread/INFO] [InternalStateHandler] Server set allow maxVillagersData options: 128
[14:06:58] [Render thread/INFO] [InternalStateHandler] Server set allow playerRadarNamesEnabled options: true
[14:06:58] [Render thread/INFO] [InternalStateHandler] Server set allow minimapEnabled options: true
[14:06:58] [Render thread/INFO] [InternalStateHandler] Server set allow hideCoordinates options: false
[14:07:33] [Render thread/WARN] [RegionTexture] Can't bind texture: 
java.lang.NullPointerException: Cannot invoke "net.minecraft.class_10868.method_68427()" because "this.field_56974" is null
	at knot//journeymap.client.texture.RegionTexture.bindRegionTexture(RegionTexture.java:87)
	at knot//journeymap.client.texture.RegionTexture.bind(RegionTexture.java:64)
	at knot//journeymap.client.render.map.RegionTile.updateRegionTexture(RegionTile.java:171)
	at knot//journeymap.client.render.map.RegionTile.render(RegionTile.java:58)
	at knot//journeymap.client.render.map.MapRenderer.lambda$render$4(MapRenderer.java:247)
	at knot//journeymap.client.render.pip.RegionTilePipRenderer.render(RegionTilePipRenderer.java:17)
	at knot//journeymap.client.render.pip.RegionTilePipRenderer.render(RegionTilePipRenderer.java:6)
	at knot//journeymap.client.render.pip.AbstractMapPipRenderer.renderToTexture(AbstractMapPipRenderer.java:41)
	at knot//journeymap.client.render.pip.AbstractMapPipRenderer.method_70905(AbstractMapPipRenderer.java:19)
	at knot//net.minecraft.class_11239.method_70913(class_11239.java:57)
	at knot//net.minecraft.class_11228.method_70888(class_11228.java:412)
	at knot//net.minecraft.class_11228.method_71056(class_11228.java:405)
	at knot//net.minecraft.class_11246.method_71065(class_11246.java:209)
	at knot//net.minecraft.class_11246.method_71061(class_11246.java:244)
	at knot//net.minecraft.class_11246.method_71061(class_11246.java:246)
	at knot//net.minecraft.class_11246.method_71061(class_11246.java:246)
	at knot//net.minecraft.class_11246.method_71074(class_11246.java:239)
	at knot//net.minecraft.class_11246.method_71071(class_11246.java:205)
	at knot//net.minecraft.class_11228.method_70893(class_11228.java:404)
	at knot//net.minecraft.class_11228.method_71290(class_11228.java:203)
	at knot//net.minecraft.class_11228.method_70890(class_11228.java:168)
	at knot//net.minecraft.class_757.method_3192(class_757.java:585)
	at knot//net.minecraft.class_310.method_1523(class_310.java:1393)
	at knot//net.minecraft.class_310.method_1514(class_310.java:966)
	at knot//net.minecraft.client.main.Main.main(Main.java:250)
	at net.fabricmc.loader.impl.game.minecraft.MinecraftGameProvider.launch(MinecraftGameProvider.java:514)
	at net.fabricmc.loader.impl.launch.knot.Knot.launch(Knot.java:72)
	at net.fabricmc.loader.impl.launch.knot.KnotClient.main(KnotClient.java:23)
	at java.base/jdk.internal.reflect.DirectMethodHandleAccessor.invoke(DirectMethodHandleAccessor.java:103)
	at java.base/java.lang.reflect.Method.invoke(Method.java:580)
	at com.modrinth.theseus.MinecraftLaunch.relaunch(MinecraftLaunch.java:63)
	at com.modrinth.theseus.MinecraftLaunch.main(MinecraftLaunch.java:28)
[14:08:01] [Render thread/WARN] [RegionTexture] Can't bind texture: 
java.lang.NullPointerException: Cannot invoke "net.minecraft.class_10868.method_68427()" because "this.field_56974" is null
	at knot//journeymap.client.texture.RegionTexture.bindRegionTexture(RegionTexture.java:87)
	at knot//journeymap.client.texture.RegionTexture.bind(RegionTexture.java:64)
	at knot//journeymap.client.render.map.RegionTile.updateRegionTexture(RegionTile.java:171)
	at knot//journeymap.client.render.map.RegionTile.render(RegionTile.java:58)
	at knot//journeymap.client.render.map.MapRenderer.lambda$render$4(MapRenderer.java:247)
	at knot//journeymap.client.render.pip.RegionTilePipRenderer.render(RegionTilePipRenderer.java:17)
	at knot//journeymap.client.render.pip.RegionTilePipRenderer.render(RegionTilePipRenderer.java:6)
	at knot//journeymap.client.render.pip.AbstractMapPipRenderer.renderToTexture(AbstractMapPipRenderer.java:41)
	at knot//journeymap.client.render.pip.AbstractMapPipRenderer.method_70905(AbstractMapPipRenderer.java:19)
	at knot//net.minecraft.class_11239.method_70913(class_11239.java:57)
	at knot//net.minecraft.class_11228.method_70888(class_11228.java:412)
	at knot//net.minecraft.class_11228.method_71056(class_11228.java:405)
	at knot//net.minecraft.class_11246.method_71065(class_11246.java:209)
	at knot//net.minecraft.class_11246.method_71061(class_11246.java:244)
	at knot//net.minecraft.class_11246.method_71061(class_11246.java:246)
	at knot//net.minecraft.class_11246.method_71074(class_11246.java:239)
	at knot//net.minecraft.class_11246.method_71071(class_11246.java:205)
	at knot//net.minecraft.class_11228.method_70893(class_11228.java:404)
	at knot//net.minecraft.class_11228.method_71290(class_11228.java:203)
	at knot//net.minecraft.class_11228.method_70890(class_11228.java:168)
	at knot//net.minecraft.class_757.method_3192(class_757.java:585)
	at knot//net.minecraft.class_310.method_1523(class_310.java:1393)
	at knot//net.minecraft.class_310.method_1514(class_310.java:966)
	at knot//net.minecraft.client.main.Main.main(Main.java:250)
	at net.fabricmc.loader.impl.game.minecraft.MinecraftGameProvider.launch(MinecraftGameProvider.java:514)
	at net.fabricmc.loader.impl.launch.knot.Knot.launch(Knot.java:72)
	at net.fabricmc.loader.impl.launch.knot.KnotClient.main(KnotClient.java:23)
	at java.base/jdk.internal.reflect.DirectMethodHandleAccessor.invoke(DirectMethodHandleAccessor.java:103)
	at java.base/java.lang.reflect.Method.invoke(Method.java:580)
	at com.modrinth.theseus.MinecraftLaunch.relaunch(MinecraftLaunch.java:63)
	at com.modrinth.theseus.MinecraftLaunch.main(MinecraftLaunch.java:28)
[14:08:29] [Render thread/WARN] [RegionTexture] Can't bind texture: 
java.lang.NullPointerException: Cannot invoke "net.minecraft.class_10868.method_68427()" because "this.field_56974" is null
	at knot//journeymap.client.texture.RegionTexture.bindRegionTexture(RegionTexture.java:87)
	at knot//journeymap.client.texture.RegionTexture.bind(RegionTexture.java:64)
	at knot//journeymap.client.render.map.RegionTile.updateRegionTexture(RegionTile.java:171)
	at knot//journeymap.client.render.map.RegionTile.render(RegionTile.java:58)
	at knot//journeymap.client.render.map.MapRenderer.lambda$render$4(MapRenderer.java:247)
	at knot//journeymap.client.render.pip.RegionTilePipRenderer.render(RegionTilePipRenderer.java:17)
	at knot//journeymap.client.render.pip.RegionTilePipRenderer.render(RegionTilePipRenderer.java:6)
	at knot//journeymap.client.render.pip.AbstractMapPipRenderer.renderToTexture(AbstractMapPipRenderer.java:41)
	at knot//journeymap.client.render.pip.AbstractMapPipRenderer.method_70905(AbstractMapPipRenderer.java:19)
	at knot//net.minecraft.class_11239.method_70913(class_11239.java:57)
	at knot//net.minecraft.class_11228.method_70888(class_11228.java:412)
	at knot//net.minecraft.class_11228.method_71056(class_11228.java:405)
	at knot//net.minecraft.class_11246.method_71065(class_11246.java:209)
	at knot//net.minecraft.class_11246.method_71061(class_11246.java:244)
	at knot//net.minecraft.class_11246.method_71061(class_11246.java:246)
	at knot//net.minecraft.class_11246.method_71074(class_11246.java:239)
	at knot//net.minecraft.class_11246.method_71071(class_11246.java:205)
	at knot//net.minecraft.class_11228.method_70893(class_11228.java:404)
	at knot//net.minecraft.class_11228.method_71290(class_11228.java:203)
	at knot//net.minecraft.class_11228.method_70890(class_11228.java:168)
	at knot//net.minecraft.class_757.method_3192(class_757.java:585)
	at knot//net.minecraft.class_310.method_1523(class_310.java:1393)
	at knot//net.minecraft.class_310.method_1514(class_310.java:966)
	at knot//net.minecraft.client.main.Main.main(Main.java:250)
	at net.fabricmc.loader.impl.game.minecraft.MinecraftGameProvider.launch(MinecraftGameProvider.java:514)
	at net.fabricmc.loader.impl.launch.knot.Knot.launch(Knot.java:72)
	at net.fabricmc.loader.impl.launch.knot.KnotClient.main(KnotClient.java:23)
	at java.base/jdk.internal.reflect.DirectMethodHandleAccessor.invoke(DirectMethodHandleAccessor.java:103)
	at java.base/java.lang.reflect.Method.invoke(Method.java:580)
	at com.modrinth.theseus.MinecraftLaunch.relaunch(MinecraftLaunch.java:63)
	at com.modrinth.theseus.MinecraftLaunch.main(MinecraftLaunch.java:28)
[14:08:29] [Render thread/WARN] [RegionTexture] Can't bind texture: 
java.lang.NullPointerException: Cannot invoke "net.minecraft.class_10868.method_68427()" because "this.field_56974" is null
	at knot//journeymap.client.texture.RegionTexture.bindRegionTexture(RegionTexture.java:87)
	at knot//journeymap.client.texture.RegionTexture.bind(RegionTexture.java:64)
	at knot//journeymap.client.render.map.RegionTile.updateRegionTexture(RegionTile.java:171)
	at knot//journeymap.client.render.map.RegionTile.render(RegionTile.java:58)
	at knot//journeymap.client.render.map.MapRenderer.lambda$render$4(MapRenderer.java:247)
	at knot//journeymap.client.render.pip.RegionTilePipRenderer.render(RegionTilePipRenderer.java:17)
	at knot//journeymap.client.render.pip.RegionTilePipRenderer.render(RegionTilePipRenderer.java:6)
	at knot//journeymap.client.render.pip.AbstractMapPipRenderer.renderToTexture(AbstractMapPipRenderer.java:41)
	at knot//journeymap.client.render.pip.AbstractMapPipRenderer.method_70905(AbstractMapPipRenderer.java:19)
	at knot//net.minecraft.class_11239.method_70913(class_11239.java:57)
	at knot//net.minecraft.class_11228.method_70888(class_11228.java:412)
	at knot//net.minecraft.class_11228.method_71056(class_11228.java:405)
	at knot//net.minecraft.class_11246.method_71065(class_11246.java:209)
	at knot//net.minecraft.class_11246.method_71061(class_11246.java:244)
	at knot//net.minecraft.class_11246.method_71061(class_11246.java:246)
	at knot//net.minecraft.class_11246.method_71074(class_11246.java:239)
	at knot//net.minecraft.class_11246.method_71071(class_11246.java:205)
	at knot//net.minecraft.class_11228.method_70893(class_11228.java:404)
	at knot//net.minecraft.class_11228.method_71290(class_11228.java:203)
	at knot//net.minecraft.class_11228.method_70890(class_11228.java:168)
	at knot//net.minecraft.class_757.method_3192(class_757.java:585)
	at knot//net.minecraft.class_310.method_1523(class_310.java:1393)
	at knot//net.minecraft.class_310.method_1514(class_310.java:966)
	at knot//net.minecraft.client.main.Main.main(Main.java:250)
	at net.fabricmc.loader.impl.game.minecraft.MinecraftGameProvider.launch(MinecraftGameProvider.java:514)
	at net.fabricmc.loader.impl.launch.knot.Knot.launch(Knot.java:72)
	at net.fabricmc.loader.impl.launch.knot.KnotClient.main(KnotClient.java:23)
	at java.base/jdk.internal.reflect.DirectMethodHandleAccessor.invoke(DirectMethodHandleAccessor.java:103)
	at java.base/java.lang.reflect.Method.invoke(Method.java:580)
	at com.modrinth.theseus.MinecraftLaunch.relaunch(MinecraftLaunch.java:63)
	at com.modrinth.theseus.MinecraftLaunch.main(MinecraftLaunch.java:28)
[14:08:31] [Render thread/WARN] [RegionTexture] Can't bind texture: 
java.lang.NullPointerException: Cannot invoke "net.minecraft.class_10868.method_68427()" because "this.field_56974" is null
	at knot//journeymap.client.texture.RegionTexture.bindRegionTexture(RegionTexture.java:87)
	at knot//journeymap.client.texture.RegionTexture.bind(RegionTexture.java:64)
	at knot//journeymap.client.render.map.RegionTile.updateRegionTexture(RegionTile.java:171)
	at knot//journeymap.client.render.map.RegionTile.render(RegionTile.java:58)
	at knot//journeymap.client.render.map.MapRenderer.lambda$render$4(MapRenderer.java:247)
	at knot//journeymap.client.render.pip.RegionTilePipRenderer.render(RegionTilePipRenderer.java:17)
	at knot//journeymap.client.render.pip.RegionTilePipRenderer.render(RegionTilePipRenderer.java:6)
	at knot//journeymap.client.render.pip.AbstractMapPipRenderer.renderToTexture(AbstractMapPipRenderer.java:41)
	at knot//journeymap.client.render.pip.AbstractMapPipRenderer.method_70905(AbstractMapPipRenderer.java:19)
	at knot//net.minecraft.class_11239.method_70913(class_11239.java:57)
	at knot//net.minecraft.class_11228.method_70888(class_11228.java:412)
	at knot//net.minecraft.class_11228.method_71056(class_11228.java:405)
	at knot//net.minecraft.class_11246.method_71065(class_11246.java:209)
	at knot//net.minecraft.class_11246.method_71061(class_11246.java:244)
	at knot//net.minecraft.class_11246.method_71061(class_11246.java:246)
	at knot//net.minecraft.class_11246.method_71074(class_11246.java:239)
	at knot//net.minecraft.class_11246.method_71071(class_11246.java:205)
	at knot//net.minecraft.class_11228.method_70893(class_11228.java:404)
	at knot//net.minecraft.class_11228.method_71290(class_11228.java:203)
	at knot//net.minecraft.class_11228.method_70890(class_11228.java:168)
	at knot//net.minecraft.class_757.method_3192(class_757.java:585)
	at knot//net.minecraft.class_310.method_1523(class_310.java:1393)
	at knot//net.minecraft.class_310.method_1514(class_310.java:966)
	at knot//net.minecraft.client.main.Main.main(Main.java:250)
	at net.fabricmc.loader.impl.game.minecraft.MinecraftGameProvider.launch(MinecraftGameProvider.java:514)
	at net.fabricmc.loader.impl.launch.knot.Knot.launch(Knot.java:72)
	at net.fabricmc.loader.impl.launch.knot.KnotClient.main(KnotClient.java:23)
	at java.base/jdk.internal.reflect.DirectMethodHandleAccessor.invoke(DirectMethodHandleAccessor.java:103)
	at java.base/java.lang.reflect.Method.invoke(Method.java:580)
	at com.modrinth.theseus.MinecraftLaunch.relaunch(MinecraftLaunch.java:63)
	at com.modrinth.theseus.MinecraftLaunch.main(MinecraftLaunch.java:28)
[14:08:31] [Render thread/WARN] [RegionTexture] Can't bind texture: 
java.lang.NullPointerException: Cannot invoke "net.minecraft.class_10868.method_68427()" because "this.field_56974" is null
	at knot//journeymap.client.texture.RegionTexture.bindRegionTexture(RegionTexture.java:87)
	at knot//journeymap.client.texture.RegionTexture.bind(RegionTexture.java:64)
	at knot//journeymap.client.render.map.RegionTile.updateRegionTexture(RegionTile.java:171)
	at knot//journeymap.client.render.map.RegionTile.render(RegionTile.java:58)
	at knot//journeymap.client.render.map.MapRenderer.lambda$render$4(MapRenderer.java:247)
	at knot//journeymap.client.render.pip.RegionTilePipRenderer.render(RegionTilePipRenderer.java:17)
	at knot//journeymap.client.render.pip.RegionTilePipRenderer.render(RegionTilePipRenderer.java:6)
	at knot//journeymap.client.render.pip.AbstractMapPipRenderer.renderToTexture(AbstractMapPipRenderer.java:41)
	at knot//journeymap.client.render.pip.AbstractMapPipRenderer.method_70905(AbstractMapPipRenderer.java:19)
	at knot//net.minecraft.class_11239.method_70913(class_11239.java:57)
	at knot//net.minecraft.class_11228.method_70888(class_11228.java:412)
	at knot//net.minecraft.class_11228.method_71056(class_11228.java:405)
	at knot//net.minecraft.class_11246.method_71065(class_11246.java:209)
	at knot//net.minecraft.class_11246.method_71061(class_11246.java:244)
	at knot//net.minecraft.class_11246.method_71061(class_11246.java:246)
	at knot//net.minecraft.class_11246.method_71074(class_11246.java:239)
	at knot//net.minecraft.class_11246.method_71071(class_11246.java:205)
	at knot//net.minecraft.class_11228.method_70893(class_11228.java:404)
	at knot//net.minecraft.class_11228.method_71290(class_11228.java:203)
	at knot//net.minecraft.class_11228.method_70890(class_11228.java:168)
	at knot//net.minecraft.class_757.method_3192(class_757.java:585)
	at knot//net.minecraft.class_310.method_1523(class_310.java:1393)
	at knot//net.minecraft.class_310.method_1514(class_310.java:966)
	at knot//net.minecraft.client.main.Main.main(Main.java:250)
	at net.fabricmc.loader.impl.game.minecraft.MinecraftGameProvider.launch(MinecraftGameProvider.java:514)
	at net.fabricmc.loader.impl.launch.knot.Knot.launch(Knot.java:72)
	at net.fabricmc.loader.impl.launch.knot.KnotClient.main(KnotClient.java:23)
	at java.base/jdk.internal.reflect.DirectMethodHandleAccessor.invoke(DirectMethodHandleAccessor.java:103)
	at java.base/java.lang.reflect.Method.invoke(Method.java:580)
	at com.modrinth.theseus.MinecraftLaunch.relaunch(MinecraftLaunch.java:63)
	at com.modrinth.theseus.MinecraftLaunch.main(MinecraftLaunch.java:28)
[14:10:02] [Render thread/WARN] [RegionTexture] Can't bind texture: 
java.lang.NullPointerException: Cannot invoke "net.minecraft.class_10868.method_68427()" because "this.field_56974" is null
	at knot//journeymap.client.texture.RegionTexture.bindRegionTexture(RegionTexture.java:87)
	at knot//journeymap.client.texture.RegionTexture.bind(RegionTexture.java:64)
	at knot//journeymap.client.render.map.RegionTile.updateRegionTexture(RegionTile.java:171)
	at knot//journeymap.client.render.map.RegionTile.render(RegionTile.java:58)
	at knot//journeymap.client.render.map.MapRenderer.lambda$render$4(MapRenderer.java:247)
	at knot//journeymap.client.render.pip.RegionTilePipRenderer.render(RegionTilePipRenderer.java:17)
	at knot//journeymap.client.render.pip.RegionTilePipRenderer.render(RegionTilePipRenderer.java:6)
	at knot//journeymap.client.render.pip.AbstractMapPipRenderer.renderToTexture(AbstractMapPipRenderer.java:41)
	at knot//journeymap.client.render.pip.AbstractMapPipRenderer.method_70905(AbstractMapPipRenderer.java:19)
	at knot//net.minecraft.class_11239.method_70913(class_11239.java:57)
	at knot//net.minecraft.class_11228.method_70888(class_11228.java:412)
	at knot//net.minecraft.class_11228.method_71056(class_11228.java:405)
	at knot//net.minecraft.class_11246.method_71065(class_11246.java:209)
	at knot//net.minecraft.class_11246.method_71061(class_11246.java:244)
	at knot//net.minecraft.class_11246.method_71061(class_11246.java:246)
	at knot//net.minecraft.class_11246.method_71074(class_11246.java:239)
	at knot//net.minecraft.class_11246.method_71071(class_11246.java:205)
	at knot//net.minecraft.class_11228.method_70893(class_11228.java:404)
	at knot//net.minecraft.class_11228.method_71290(class_11228.java:203)
	at knot//net.minecraft.class_11228.method_70890(class_11228.java:168)
	at knot//net.minecraft.class_757.method_3192(class_757.java:585)
	at knot//net.minecraft.class_310.method_1523(class_310.java:1393)
	at knot//net.minecraft.class_310.method_1514(class_310.java:966)
	at knot//net.minecraft.client.main.Main.main(Main.java:250)
	at net.fabricmc.loader.impl.game.minecraft.MinecraftGameProvider.launch(MinecraftGameProvider.java:514)
	at net.fabricmc.loader.impl.launch.knot.Knot.launch(Knot.java:72)
	at net.fabricmc.loader.impl.launch.knot.KnotClient.main(KnotClient.java:23)
	at java.base/jdk.internal.reflect.DirectMethodHandleAccessor.invoke(DirectMethodHandleAccessor.java:103)
	at java.base/java.lang.reflect.Method.invoke(Method.java:580)
	at com.modrinth.theseus.MinecraftLaunch.relaunch(MinecraftLaunch.java:63)
	at com.modrinth.theseus.MinecraftLaunch.main(MinecraftLaunch.java:28)
[14:24:11] [Render thread/WARN] [RegionTexture] Can't bind texture: 
java.lang.NullPointerException: Cannot invoke "net.minecraft.class_10868.method_68427()" because "this.field_56974" is null
	at knot//journeymap.client.texture.RegionTexture.bindRegionTexture(RegionTexture.java:87)
	at knot//journeymap.client.texture.RegionTexture.bind(RegionTexture.java:64)
	at knot//journeymap.client.render.map.RegionTile.updateRegionTexture(RegionTile.java:171)
	at knot//journeymap.client.render.map.RegionTile.render(RegionTile.java:58)
	at knot//journeymap.client.render.map.MapRenderer.lambda$render$4(MapRenderer.java:247)
	at knot//journeymap.client.render.pip.RegionTilePipRenderer.render(RegionTilePipRenderer.java:17)
	at knot//journeymap.client.render.pip.RegionTilePipRenderer.render(RegionTilePipRenderer.java:6)
	at knot//journeymap.client.render.pip.AbstractMapPipRenderer.renderToTexture(AbstractMapPipRenderer.java:41)
	at knot//journeymap.client.render.pip.AbstractMapPipRenderer.method_70905(AbstractMapPipRenderer.java:19)
	at knot//net.minecraft.class_11239.method_70913(class_11239.java:57)
	at knot//net.minecraft.class_11228.method_70888(class_11228.java:412)
	at knot//net.minecraft.class_11228.method_71056(class_11228.java:405)
	at knot//net.minecraft.class_11246.method_71065(class_11246.java:209)
	at knot//net.minecraft.class_11246.method_71061(class_11246.java:244)
	at knot//net.minecraft.class_11246.method_71061(class_11246.java:246)
	at knot//net.minecraft.class_11246.method_71074(class_11246.java:239)
	at knot//net.minecraft.class_11246.method_71071(class_11246.java:205)
	at knot//net.minecraft.class_11228.method_70893(class_11228.java:404)
	at knot//net.minecraft.class_11228.method_71290(class_11228.java:203)
	at knot//net.minecraft.class_11228.method_70890(class_11228.java:168)
	at knot//net.minecraft.class_757.method_3192(class_757.java:585)
	at knot//net.minecraft.class_310.method_1523(class_310.java:1393)
	at knot//net.minecraft.class_310.method_1514(class_310.java:966)
	at knot//net.minecraft.client.main.Main.main(Main.java:250)
	at net.fabricmc.loader.impl.game.minecraft.MinecraftGameProvider.launch(MinecraftGameProvider.java:514)
	at net.fabricmc.loader.impl.launch.knot.Knot.launch(Knot.java:72)
	at net.fabricmc.loader.impl.launch.knot.KnotClient.main(KnotClient.java:23)
	at java.base/jdk.internal.reflect.DirectMethodHandleAccessor.invoke(DirectMethodHandleAccessor.java:103)
	at java.base/java.lang.reflect.Method.invoke(Method.java:580)
	at com.modrinth.theseus.MinecraftLaunch.relaunch(MinecraftLaunch.java:63)
	at com.modrinth.theseus.MinecraftLaunch.main(MinecraftLaunch.java:28)
[14:24:11] [Render thread/WARN] [RegionTexture] Can't bind texture: 
java.lang.NullPointerException: Cannot invoke "net.minecraft.class_10868.method_68427()" because "this.field_56974" is null
	at knot//journeymap.client.texture.RegionTexture.bindRegionTexture(RegionTexture.java:87)
	at knot//journeymap.client.texture.RegionTexture.bind(RegionTexture.java:64)
	at knot//journeymap.client.render.map.RegionTile.updateRegionTexture(RegionTile.java:171)
	at knot//journeymap.client.render.map.RegionTile.render(RegionTile.java:58)
	at knot//journeymap.client.render.map.MapRenderer.lambda$render$4(MapRenderer.java:247)
	at knot//journeymap.client.render.pip.RegionTilePipRenderer.render(RegionTilePipRenderer.java:17)
	at knot//journeymap.client.render.pip.RegionTilePipRenderer.render(RegionTilePipRenderer.java:6)
	at knot//journeymap.client.render.pip.AbstractMapPipRenderer.renderToTexture(AbstractMapPipRenderer.java:41)
	at knot//journeymap.client.render.pip.AbstractMapPipRenderer.method_70905(AbstractMapPipRenderer.java:19)
	at knot//net.minecraft.class_11239.method_70913(class_11239.java:57)
	at knot//net.minecraft.class_11228.method_70888(class_11228.java:412)
	at knot//net.minecraft.class_11228.method_71056(class_11228.java:405)
	at knot//net.minecraft.class_11246.method_71065(class_11246.java:209)
	at knot//net.minecraft.class_11246.method_71061(class_11246.java:244)
	at knot//net.minecraft.class_11246.method_71061(class_11246.java:246)
	at knot//net.minecraft.class_11246.method_71074(class_11246.java:239)
	at knot//net.minecraft.class_11246.method_71071(class_11246.java:205)
	at knot//net.minecraft.class_11228.method_70893(class_11228.java:404)
	at knot//net.minecraft.class_11228.method_71290(class_11228.java:203)
	at knot//net.minecraft.class_11228.method_70890(class_11228.java:168)
	at knot//net.minecraft.class_757.method_3192(class_757.java:585)
	at knot//net.minecraft.class_310.method_1523(class_310.java:1393)
	at knot//net.minecraft.class_310.method_1514(class_310.java:966)
	at knot//net.minecraft.client.main.Main.main(Main.java:250)
	at net.fabricmc.loader.impl.game.minecraft.MinecraftGameProvider.launch(MinecraftGameProvider.java:514)
	at net.fabricmc.loader.impl.launch.knot.Knot.launch(Knot.java:72)
	at net.fabricmc.loader.impl.launch.knot.KnotClient.main(KnotClient.java:23)
	at java.base/jdk.internal.reflect.DirectMethodHandleAccessor.invoke(DirectMethodHandleAccessor.java:103)
	at java.base/java.lang.reflect.Method.invoke(Method.java:580)
	at com.modrinth.theseus.MinecraftLaunch.relaunch(MinecraftLaunch.java:63)
	at com.modrinth.theseus.MinecraftLaunch.main(MinecraftLaunch.java:28)
[14:24:11] [Render thread/WARN] [RegionTexture] Can't bind texture: 
java.lang.NullPointerException: Cannot invoke "net.minecraft.class_10868.method_68427()" because "this.field_56974" is null
	at knot//journeymap.client.texture.RegionTexture.bindRegionTexture(RegionTexture.java:87)
	at knot//journeymap.client.texture.RegionTexture.bind(RegionTexture.java:64)
	at knot//journeymap.client.render.map.RegionTile.updateRegionTexture(RegionTile.java:171)
	at knot//journeymap.client.render.map.RegionTile.render(RegionTile.java:58)
	at knot//journeymap.client.render.map.MapRenderer.lambda$render$4(MapRenderer.java:247)
	at knot//journeymap.client.render.pip.RegionTilePipRenderer.render(RegionTilePipRenderer.java:17)
	at knot//journeymap.client.render.pip.RegionTilePipRenderer.render(RegionTilePipRenderer.java:6)
	at knot//journeymap.client.render.pip.AbstractMapPipRenderer.renderToTexture(AbstractMapPipRenderer.java:41)
	at knot//journeymap.client.render.pip.AbstractMapPipRenderer.method_70905(AbstractMapPipRenderer.java:19)
	at knot//net.minecraft.class_11239.method_70913(class_11239.java:57)
	at knot//net.minecraft.class_11228.method_70888(class_11228.java:412)
	at knot//net.minecraft.class_11228.method_71056(class_11228.java:405)
	at knot//net.minecraft.class_11246.method_71065(class_11246.java:209)
	at knot//net.minecraft.class_11246.method_71061(class_11246.java:244)
	at knot//net.minecraft.class_11246.method_71061(class_11246.java:246)
	at knot//net.minecraft.class_11246.method_71074(class_11246.java:239)
	at knot//net.minecraft.class_11246.method_71071(class_11246.java:205)
	at knot//net.minecraft.class_11228.method_70893(class_11228.java:404)
	at knot//net.minecraft.class_11228.method_71290(class_11228.java:203)
	at knot//net.minecraft.class_11228.method_70890(class_11228.java:168)
	at knot//net.minecraft.class_757.method_3192(class_757.java:585)
	at knot//net.minecraft.class_310.method_1523(class_310.java:1393)
	at knot//net.minecraft.class_310.method_1514(class_310.java:966)
	at knot//net.minecraft.client.main.Main.main(Main.java:250)
	at net.fabricmc.loader.impl.game.minecraft.MinecraftGameProvider.launch(MinecraftGameProvider.java:514)
	at net.fabricmc.loader.impl.launch.knot.Knot.launch(Knot.java:72)
	at net.fabricmc.loader.impl.launch.knot.KnotClient.main(KnotClient.java:23)
	at java.base/jdk.internal.reflect.DirectMethodHandleAccessor.invoke(DirectMethodHandleAccessor.java:103)
	at java.base/java.lang.reflect.Method.invoke(Method.java:580)
	at com.modrinth.theseus.MinecraftLaunch.relaunch(MinecraftLaunch.java:63)
	at com.modrinth.theseus.MinecraftLaunch.main(MinecraftLaunch.java:28)
[14:24:11] [Render thread/WARN] [RegionTexture] Can't bind texture: 
java.lang.NullPointerException: Cannot invoke "net.minecraft.class_10868.method_68427()" because "this.field_56974" is null
	at knot//journeymap.client.texture.RegionTexture.bindRegionTexture(RegionTexture.java:87)
	at knot//journeymap.client.texture.RegionTexture.bind(RegionTexture.java:64)
	at knot//journeymap.client.render.map.RegionTile.updateRegionTexture(RegionTile.java:171)
	at knot//journeymap.client.render.map.RegionTile.render(RegionTile.java:58)
	at knot//journeymap.client.render.map.MapRenderer.lambda$render$4(MapRenderer.java:247)
	at knot//journeymap.client.render.pip.RegionTilePipRenderer.render(RegionTilePipRenderer.java:17)
	at knot//journeymap.client.render.pip.RegionTilePipRenderer.render(RegionTilePipRenderer.java:6)
	at knot//journeymap.client.render.pip.AbstractMapPipRenderer.renderToTexture(AbstractMapPipRenderer.java:41)
	at knot//journeymap.client.render.pip.AbstractMapPipRenderer.method_70905(AbstractMapPipRenderer.java:19)
	at knot//net.minecraft.class_11239.method_70913(class_11239.java:57)
	at knot//net.minecraft.class_11228.method_70888(class_11228.java:412)
	at knot//net.minecraft.class_11228.method_71056(class_11228.java:405)
	at knot//net.minecraft.class_11246.method_71065(class_11246.java:209)
	at knot//net.minecraft.class_11246.method_71061(class_11246.java:244)
	at knot//net.minecraft.class_11246.method_71061(class_11246.java:246)
	at knot//net.minecraft.class_11246.method_71074(class_11246.java:239)
	at knot//net.minecraft.class_11246.method_71071(class_11246.java:205)
	at knot//net.minecraft.class_11228.method_70893(class_11228.java:404)
	at knot//net.minecraft.class_11228.method_71290(class_11228.java:203)
	at knot//net.minecraft.class_11228.method_70890(class_11228.java:168)
	at knot//net.minecraft.class_757.method_3192(class_757.java:585)
	at knot//net.minecraft.class_310.method_1523(class_310.java:1393)
	at knot//net.minecraft.class_310.method_1514(class_310.java:966)
	at knot//net.minecraft.client.main.Main.main(Main.java:250)
	at net.fabricmc.loader.impl.game.minecraft.MinecraftGameProvider.launch(MinecraftGameProvider.java:514)
	at net.fabricmc.loader.impl.launch.knot.Knot.launch(Knot.java:72)
	at net.fabricmc.loader.impl.launch.knot.KnotClient.main(KnotClient.java:23)
	at java.base/jdk.internal.reflect.DirectMethodHandleAccessor.invoke(DirectMethodHandleAccessor.java:103)
	at java.base/java.lang.reflect.Method.invoke(Method.java:580)
	at com.modrinth.theseus.MinecraftLaunch.relaunch(MinecraftLaunch.java:63)
	at com.modrinth.theseus.MinecraftLaunch.main(MinecraftLaunch.java:28)
[14:24:33] [Render thread/WARN] [RegionTexture] Can't bind texture: 
java.lang.NullPointerException: Cannot invoke "net.minecraft.class_10868.method_68427()" because "this.field_56974" is null
	at knot//journeymap.client.texture.RegionTexture.bindRegionTexture(RegionTexture.java:87)
	at knot//journeymap.client.texture.RegionTexture.bind(RegionTexture.java:64)
	at knot//journeymap.client.render.map.RegionTile.updateRegionTexture(RegionTile.java:171)
	at knot//journeymap.client.render.map.RegionTile.render(RegionTile.java:58)
	at knot//journeymap.client.render.map.MapRenderer.lambda$render$4(MapRenderer.java:247)
	at knot//journeymap.client.render.pip.RegionTilePipRenderer.render(RegionTilePipRenderer.java:17)
	at knot//journeymap.client.render.pip.RegionTilePipRenderer.render(RegionTilePipRenderer.java:6)
	at knot//journeymap.client.render.pip.AbstractMapPipRenderer.renderToTexture(AbstractMapPipRenderer.java:41)
	at knot//journeymap.client.render.pip.AbstractMapPipRenderer.method_70905(AbstractMapPipRenderer.java:19)
	at knot//net.minecraft.class_11239.method_70913(class_11239.java:57)
	at knot//net.minecraft.class_11228.method_70888(class_11228.java:412)
	at knot//net.minecraft.class_11228.method_71056(class_11228.java:405)
	at knot//net.minecraft.class_11246.method_71065(class_11246.java:209)
	at knot//net.minecraft.class_11246.method_71061(class_11246.java:244)
	at knot//net.minecraft.class_11246.method_71061(class_11246.java:246)
	at knot//net.minecraft.class_11246.method_71074(class_11246.java:239)
	at knot//net.minecraft.class_11246.method_71071(class_11246.java:205)
	at knot//net.minecraft.class_11228.method_70893(class_11228.java:404)
	at knot//net.minecraft.class_11228.method_71290(class_11228.java:203)
	at knot//net.minecraft.class_11228.method_70890(class_11228.java:168)
	at knot//net.minecraft.class_757.method_3192(class_757.java:585)
	at knot//net.minecraft.class_310.method_1523(class_310.java:1393)
	at knot//net.minecraft.class_310.method_1514(class_310.java:966)
	at knot//net.minecraft.client.main.Main.main(Main.java:250)
	at net.fabricmc.loader.impl.game.minecraft.MinecraftGameProvider.launch(MinecraftGameProvider.java:514)
	at net.fabricmc.loader.impl.launch.knot.Knot.launch(Knot.java:72)
	at net.fabricmc.loader.impl.launch.knot.KnotClient.main(KnotClient.java:23)
	at java.base/jdk.internal.reflect.DirectMethodHandleAccessor.invoke(DirectMethodHandleAccessor.java:103)
	at java.base/java.lang.reflect.Method.invoke(Method.java:580)
	at com.modrinth.theseus.MinecraftLaunch.relaunch(MinecraftLaunch.java:63)
	at com.modrinth.theseus.MinecraftLaunch.main(MinecraftLaunch.java:28)
[14:24:33] [Render thread/WARN] [RegionTexture] Can't bind texture: 
java.lang.NullPointerException: Cannot invoke "net.minecraft.class_10868.method_68427()" because "this.field_56974" is null
	at knot//journeymap.client.texture.RegionTexture.bindRegionTexture(RegionTexture.java:87)
	at knot//journeymap.client.texture.RegionTexture.bind(RegionTexture.java:64)
	at knot//journeymap.client.render.map.RegionTile.updateRegionTexture(RegionTile.java:171)
	at knot//journeymap.client.render.map.RegionTile.render(RegionTile.java:58)
	at knot//journeymap.client.render.map.MapRenderer.lambda$render$4(MapRenderer.java:247)
	at knot//journeymap.client.render.pip.RegionTilePipRenderer.render(RegionTilePipRenderer.java:17)
	at knot//journeymap.client.render.pip.RegionTilePipRenderer.render(RegionTilePipRenderer.java:6)
	at knot//journeymap.client.render.pip.AbstractMapPipRenderer.renderToTexture(AbstractMapPipRenderer.java:41)
	at knot//journeymap.client.render.pip.AbstractMapPipRenderer.method_70905(AbstractMapPipRenderer.java:19)
	at knot//net.minecraft.class_11239.method_70913(class_11239.java:57)
	at knot//net.minecraft.class_11228.method_70888(class_11228.java:412)
	at knot//net.minecraft.class_11228.method_71056(class_11228.java:405)
	at knot//net.minecraft.class_11246.method_71065(class_11246.java:209)
	at knot//net.minecraft.class_11246.method_71061(class_11246.java:244)
	at knot//net.minecraft.class_11246.method_71061(class_11246.java:246)
	at knot//net.minecraft.class_11246.method_71074(class_11246.java:239)
	at knot//net.minecraft.class_11246.method_71071(class_11246.java:205)
	at knot//net.minecraft.class_11228.method_70893(class_11228.java:404)
	at knot//net.minecraft.class_11228.method_71290(class_11228.java:203)
	at knot//net.minecraft.class_11228.method_70890(class_11228.java:168)
	at knot//net.minecraft.class_757.method_3192(class_757.java:585)
	at knot//net.minecraft.class_310.method_1523(class_310.java:1393)
	at knot//net.minecraft.class_310.method_1514(class_310.java:966)
	at knot//net.minecraft.client.main.Main.main(Main.java:250)
	at net.fabricmc.loader.impl.game.minecraft.MinecraftGameProvider.launch(MinecraftGameProvider.java:514)
	at net.fabricmc.loader.impl.launch.knot.Knot.launch(Knot.java:72)
	at net.fabricmc.loader.impl.launch.knot.KnotClient.main(KnotClient.java:23)
	at java.base/jdk.internal.reflect.DirectMethodHandleAccessor.invoke(DirectMethodHandleAccessor.java:103)
	at java.base/java.lang.reflect.Method.invoke(Method.java:580)
	at com.modrinth.theseus.MinecraftLaunch.relaunch(MinecraftLaunch.java:63)
	at com.modrinth.theseus.MinecraftLaunch.main(MinecraftLaunch.java:28)
[14:24:33] [Render thread/WARN] [RegionTexture] Can't bind texture: 
java.lang.NullPointerException: Cannot invoke "net.minecraft.class_10868.method_68427()" because "this.field_56974" is null
	at knot//journeymap.client.texture.RegionTexture.bindRegionTexture(RegionTexture.java:87)
	at knot//journeymap.client.texture.RegionTexture.bind(RegionTexture.java:64)
	at knot//journeymap.client.render.map.RegionTile.updateRegionTexture(RegionTile.java:171)
	at knot//journeymap.client.render.map.RegionTile.render(RegionTile.java:58)
	at knot//journeymap.client.render.map.MapRenderer.lambda$render$4(MapRenderer.java:247)
	at knot//journeymap.client.render.pip.RegionTilePipRenderer.render(RegionTilePipRenderer.java:17)
	at knot//journeymap.client.render.pip.RegionTilePipRenderer.render(RegionTilePipRenderer.java:6)
	at knot//journeymap.client.render.pip.AbstractMapPipRenderer.renderToTexture(AbstractMapPipRenderer.java:41)
	at knot//journeymap.client.render.pip.AbstractMapPipRenderer.method_70905(AbstractMapPipRenderer.java:19)
	at knot//net.minecraft.class_11239.method_70913(class_11239.java:57)
	at knot//net.minecraft.class_11228.method_70888(class_11228.java:412)
	at knot//net.minecraft.class_11228.method_71056(class_11228.java:405)
	at knot//net.minecraft.class_11246.method_71065(class_11246.java:209)
	at knot//net.minecraft.class_11246.method_71061(class_11246.java:244)
	at knot//net.minecraft.class_11246.method_71061(class_11246.java:246)
	at knot//net.minecraft.class_11246.method_71074(class_11246.java:239)
	at knot//net.minecraft.class_11246.method_71071(class_11246.java:205)
	at knot//net.minecraft.class_11228.method_70893(class_11228.java:404)
	at knot//net.minecraft.class_11228.method_71290(class_11228.java:203)
	at knot//net.minecraft.class_11228.method_70890(class_11228.java:168)
	at knot//net.minecraft.class_757.method_3192(class_757.java:585)
	at knot//net.minecraft.class_310.method_1523(class_310.java:1393)
	at knot//net.minecraft.class_310.method_1514(class_310.java:966)
	at knot//net.minecraft.client.main.Main.main(Main.java:250)
	at net.fabricmc.loader.impl.game.minecraft.MinecraftGameProvider.launch(MinecraftGameProvider.java:514)
	at net.fabricmc.loader.impl.launch.knot.Knot.launch(Knot.java:72)
	at net.fabricmc.loader.impl.launch.knot.KnotClient.main(KnotClient.java:23)
	at java.base/jdk.internal.reflect.DirectMethodHandleAccessor.invoke(DirectMethodHandleAccessor.java:103)
	at java.base/java.lang.reflect.Method.invoke(Method.java:580)
	at com.modrinth.theseus.MinecraftLaunch.relaunch(MinecraftLaunch.java:63)
	at com.modrinth.theseus.MinecraftLaunch.main(MinecraftLaunch.java:28)
[14:24:33] [Render thread/WARN] [RegionTexture] Can't bind texture: 
java.lang.NullPointerException: Cannot invoke "net.minecraft.class_10868.method_68427()" because "this.field_56974" is null
	at knot//journeymap.client.texture.RegionTexture.bindRegionTexture(RegionTexture.java:87)
	at knot//journeymap.client.texture.RegionTexture.bind(RegionTexture.java:64)
	at knot//journeymap.client.render.map.RegionTile.updateRegionTexture(RegionTile.java:171)
	at knot//journeymap.client.render.map.RegionTile.render(RegionTile.java:58)
	at knot//journeymap.client.render.map.MapRenderer.lambda$render$4(MapRenderer.java:247)
	at knot//journeymap.client.render.pip.RegionTilePipRenderer.render(RegionTilePipRenderer.java:17)
	at knot//journeymap.client.render.pip.RegionTilePipRenderer.render(RegionTilePipRenderer.java:6)
	at knot//journeymap.client.render.pip.AbstractMapPipRenderer.renderToTexture(AbstractMapPipRenderer.java:41)
	at knot//journeymap.client.render.pip.AbstractMapPipRenderer.method_70905(AbstractMapPipRenderer.java:19)
	at knot//net.minecraft.class_11239.method_70913(class_11239.java:57)
	at knot//net.minecraft.class_11228.method_70888(class_11228.java:412)
	at knot//net.minecraft.class_11228.method_71056(class_11228.java:405)
	at knot//net.minecraft.class_11246.method_71065(class_11246.java:209)
	at knot//net.minecraft.class_11246.method_71061(class_11246.java:244)
	at knot//net.minecraft.class_11246.method_71061(class_11246.java:246)
	at knot//net.minecraft.class_11246.method_71074(class_11246.java:239)
	at knot//net.minecraft.class_11246.method_71071(class_11246.java:205)
	at knot//net.minecraft.class_11228.method_70893(class_11228.java:404)
	at knot//net.minecraft.class_11228.method_71290(class_11228.java:203)
	at knot//net.minecraft.class_11228.method_70890(class_11228.java:168)
	at knot//net.minecraft.class_757.method_3192(class_757.java:585)
	at knot//net.minecraft.class_310.method_1523(class_310.java:1393)
	at knot//net.minecraft.class_310.method_1514(class_310.java:966)
	at knot//net.minecraft.client.main.Main.main(Main.java:250)
	at net.fabricmc.loader.impl.game.minecraft.MinecraftGameProvider.launch(MinecraftGameProvider.java:514)
	at net.fabricmc.loader.impl.launch.knot.Knot.launch(Knot.java:72)
	at net.fabricmc.loader.impl.launch.knot.KnotClient.main(KnotClient.java:23)
	at java.base/jdk.internal.reflect.DirectMethodHandleAccessor.invoke(DirectMethodHandleAccessor.java:103)
	at java.base/java.lang.reflect.Method.invoke(Method.java:580)
	at com.modrinth.theseus.MinecraftLaunch.relaunch(MinecraftLaunch.java:63)
	at com.modrinth.theseus.MinecraftLaunch.main(MinecraftLaunch.java:28)
[14:27:24] [Server thread/INFO] [JourneyMapTeleport] albert4535 teleported to 917.5 160.0 1116.5 minecraft:overworld
[14:27:24] [Render thread/WARN] [RegionTexture] Can't bind texture: 
java.lang.NullPointerException: Cannot invoke "net.minecraft.class_10868.method_68427()" because "this.field_56974" is null
	at knot//journeymap.client.texture.RegionTexture.bindRegionTexture(RegionTexture.java:87)
	at knot//journeymap.client.texture.RegionTexture.bind(RegionTexture.java:64)
	at knot//journeymap.client.render.map.RegionTile.updateRegionTexture(RegionTile.java:171)
	at knot//journeymap.client.render.map.RegionTile.render(RegionTile.java:58)
	at knot//journeymap.client.render.map.MapRenderer.lambda$render$4(MapRenderer.java:247)
	at knot//journeymap.client.render.pip.RegionTilePipRenderer.render(RegionTilePipRenderer.java:17)
	at knot//journeymap.client.render.pip.RegionTilePipRenderer.render(RegionTilePipRenderer.java:6)
	at knot//journeymap.client.render.pip.AbstractMapPipRenderer.renderToTexture(AbstractMapPipRenderer.java:41)
	at knot//journeymap.client.render.pip.AbstractMapPipRenderer.method_70905(AbstractMapPipRenderer.java:19)
	at knot//net.minecraft.class_11239.method_70913(class_11239.java:57)
	at knot//net.minecraft.class_11228.method_70888(class_11228.java:412)
	at knot//net.minecraft.class_11228.method_71056(class_11228.java:405)
	at knot//net.minecraft.class_11246.method_71065(class_11246.java:209)
	at knot//net.minecraft.class_11246.method_71061(class_11246.java:244)
	at knot//net.minecraft.class_11246.method_71061(class_11246.java:246)
	at knot//net.minecraft.class_11246.method_71074(class_11246.java:239)
	at knot//net.minecraft.class_11246.method_71071(class_11246.java:205)
	at knot//net.minecraft.class_11228.method_70893(class_11228.java:404)
	at knot//net.minecraft.class_11228.method_71290(class_11228.java:203)
	at knot//net.minecraft.class_11228.method_70890(class_11228.java:168)
	at knot//net.minecraft.class_757.method_3192(class_757.java:585)
	at knot//net.minecraft.class_310.method_1523(class_310.java:1393)
	at knot//net.minecraft.class_310.method_1514(class_310.java:966)
	at knot//net.minecraft.client.main.Main.main(Main.java:250)
	at net.fabricmc.loader.impl.game.minecraft.MinecraftGameProvider.launch(MinecraftGameProvider.java:514)
	at net.fabricmc.loader.impl.launch.knot.Knot.launch(Knot.java:72)
	at net.fabricmc.loader.impl.launch.knot.KnotClient.main(KnotClient.java:23)
	at java.base/jdk.internal.reflect.DirectMethodHandleAccessor.invoke(DirectMethodHandleAccessor.java:103)
	at java.base/java.lang.reflect.Method.invoke(Method.java:580)
	at com.modrinth.theseus.MinecraftLaunch.relaunch(MinecraftLaunch.java:63)
	at com.modrinth.theseus.MinecraftLaunch.main(MinecraftLaunch.java:28)
[14:27:24] [Render thread/WARN] [RegionTexture] Can't bind texture: 
java.lang.NullPointerException: Cannot invoke "net.minecraft.class_10868.method_68427()" because "this.field_56974" is null
	at knot//journeymap.client.texture.RegionTexture.bindRegionTexture(RegionTexture.java:87)
	at knot//journeymap.client.texture.RegionTexture.bind(RegionTexture.java:64)
	at knot//journeymap.client.render.map.RegionTile.updateRegionTexture(RegionTile.java:171)
	at knot//journeymap.client.render.map.RegionTile.render(RegionTile.java:58)
	at knot//journeymap.client.render.map.MapRenderer.lambda$render$4(MapRenderer.java:247)
	at knot//journeymap.client.render.pip.RegionTilePipRenderer.render(RegionTilePipRenderer.java:17)
	at knot//journeymap.client.render.pip.RegionTilePipRenderer.render(RegionTilePipRenderer.java:6)
	at knot//journeymap.client.render.pip.AbstractMapPipRenderer.renderToTexture(AbstractMapPipRenderer.java:41)
	at knot//journeymap.client.render.pip.AbstractMapPipRenderer.method_70905(AbstractMapPipRenderer.java:19)
	at knot//net.minecraft.class_11239.method_70913(class_11239.java:57)
	at knot//net.minecraft.class_11228.method_70888(class_11228.java:412)
	at knot//net.minecraft.class_11228.method_71056(class_11228.java:405)
	at knot//net.minecraft.class_11246.method_71065(class_11246.java:209)
	at knot//net.minecraft.class_11246.method_71061(class_11246.java:244)
	at knot//net.minecraft.class_11246.method_71061(class_11246.java:246)
	at knot//net.minecraft.class_11246.method_71074(class_11246.java:239)
	at knot//net.minecraft.class_11246.method_71071(class_11246.java:205)
	at knot//net.minecraft.class_11228.method_70893(class_11228.java:404)
	at knot//net.minecraft.class_11228.method_71290(class_11228.java:203)
	at knot//net.minecraft.class_11228.method_70890(class_11228.java:168)
	at knot//net.minecraft.class_757.method_3192(class_757.java:585)
	at knot//net.minecraft.class_310.method_1523(class_310.java:1393)
	at knot//net.minecraft.class_310.method_1514(class_310.java:966)
	at knot//net.minecraft.client.main.Main.main(Main.java:250)
	at net.fabricmc.loader.impl.game.minecraft.MinecraftGameProvider.launch(MinecraftGameProvider.java:514)
	at net.fabricmc.loader.impl.launch.knot.Knot.launch(Knot.java:72)
	at net.fabricmc.loader.impl.launch.knot.KnotClient.main(KnotClient.java:23)
	at java.base/jdk.internal.reflect.DirectMethodHandleAccessor.invoke(DirectMethodHandleAccessor.java:103)
	at java.base/java.lang.reflect.Method.invoke(Method.java:580)
	at com.modrinth.theseus.MinecraftLaunch.relaunch(MinecraftLaunch.java:63)
	at com.modrinth.theseus.MinecraftLaunch.main(MinecraftLaunch.java:28)
[14:27:24] [Render thread/WARN] [RegionTexture] Can't bind texture: 
java.lang.NullPointerException: Cannot invoke "net.minecraft.class_10868.method_68427()" because "this.field_56974" is null
	at knot//journeymap.client.texture.RegionTexture.bindRegionTexture(RegionTexture.java:87)
	at knot//journeymap.client.texture.RegionTexture.bind(RegionTexture.java:64)
	at knot//journeymap.client.render.map.RegionTile.updateRegionTexture(RegionTile.java:171)
	at knot//journeymap.client.render.map.RegionTile.render(RegionTile.java:58)
	at knot//journeymap.client.render.map.MapRenderer.lambda$render$4(MapRenderer.java:247)
	at knot//journeymap.client.render.pip.RegionTilePipRenderer.render(RegionTilePipRenderer.java:17)
	at knot//journeymap.client.render.pip.RegionTilePipRenderer.render(RegionTilePipRenderer.java:6)
	at knot//journeymap.client.render.pip.AbstractMapPipRenderer.renderToTexture(AbstractMapPipRenderer.java:41)
	at knot//journeymap.client.render.pip.AbstractMapPipRenderer.method_70905(AbstractMapPipRenderer.java:19)
	at knot//net.minecraft.class_11239.method_70913(class_11239.java:57)
	at knot//net.minecraft.class_11228.method_70888(class_11228.java:412)
	at knot//net.minecraft.class_11228.method_71056(class_11228.java:405)
	at knot//net.minecraft.class_11246.method_71065(class_11246.java:209)
	at knot//net.minecraft.class_11246.method_71061(class_11246.java:244)
	at knot//net.minecraft.class_11246.method_71061(class_11246.java:246)
	at knot//net.minecraft.class_11246.method_71074(class_11246.java:239)
	at knot//net.minecraft.class_11246.method_71071(class_11246.java:205)
	at knot//net.minecraft.class_11228.method_70893(class_11228.java:404)
	at knot//net.minecraft.class_11228.method_71290(class_11228.java:203)
	at knot//net.minecraft.class_11228.method_70890(class_11228.java:168)
	at knot//net.minecraft.class_757.method_3192(class_757.java:585)
	at knot//net.minecraft.class_310.method_1523(class_310.java:1393)
	at knot//net.minecraft.class_310.method_1514(class_310.java:966)
	at knot//net.minecraft.client.main.Main.main(Main.java:250)
	at net.fabricmc.loader.impl.game.minecraft.MinecraftGameProvider.launch(MinecraftGameProvider.java:514)
	at net.fabricmc.loader.impl.launch.knot.Knot.launch(Knot.java:72)
	at net.fabricmc.loader.impl.launch.knot.KnotClient.main(KnotClient.java:23)
	at java.base/jdk.internal.reflect.DirectMethodHandleAccessor.invoke(DirectMethodHandleAccessor.java:103)
	at java.base/java.lang.reflect.Method.invoke(Method.java:580)
	at com.modrinth.theseus.MinecraftLaunch.relaunch(MinecraftLaunch.java:63)
	at com.modrinth.theseus.MinecraftLaunch.main(MinecraftLaunch.java:28)
[14:27:25] [Render thread/WARN] [RegionTexture] Can't bind texture: 
java.lang.NullPointerException: Cannot invoke "net.minecraft.class_10868.method_68427()" because "this.field_56974" is null
	at knot//journeymap.client.texture.RegionTexture.bindRegionTexture(RegionTexture.java:87)
	at knot//journeymap.client.texture.RegionTexture.bind(RegionTexture.java:64)
	at knot//journeymap.client.render.map.RegionTile.updateRegionTexture(RegionTile.java:171)
	at knot//journeymap.client.render.map.RegionTile.render(RegionTile.java:58)
	at knot//journeymap.client.render.map.MapRenderer.lambda$render$4(MapRenderer.java:247)
	at knot//journeymap.client.render.pip.RegionTilePipRenderer.render(RegionTilePipRenderer.java:17)
	at knot//journeymap.client.render.pip.RegionTilePipRenderer.render(RegionTilePipRenderer.java:6)
	at knot//journeymap.client.render.pip.AbstractMapPipRenderer.renderToTexture(AbstractMapPipRenderer.java:41)
	at knot//journeymap.client.render.pip.AbstractMapPipRenderer.method_70905(AbstractMapPipRenderer.java:19)
	at knot//net.minecraft.class_11239.method_70913(class_11239.java:57)
	at knot//net.minecraft.class_11228.method_70888(class_11228.java:412)
	at knot//net.minecraft.class_11228.method_71056(class_11228.java:405)
	at knot//net.minecraft.class_11246.method_71065(class_11246.java:209)
	at knot//net.minecraft.class_11246.method_71061(class_11246.java:244)
	at knot//net.minecraft.class_11246.method_71061(class_11246.java:246)
	at knot//net.minecraft.class_11246.method_71074(class_11246.java:239)
	at knot//net.minecraft.class_11246.method_71071(class_11246.java:205)
	at knot//net.minecraft.class_11228.method_70893(class_11228.java:404)
	at knot//net.minecraft.class_11228.method_71290(class_11228.java:203)
	at knot//net.minecraft.class_11228.method_70890(class_11228.java:168)
	at knot//net.minecraft.class_757.method_3192(class_757.java:585)
	at knot//net.minecraft.class_310.method_1523(class_310.java:1393)
	at knot//net.minecraft.class_310.method_1514(class_310.java:966)
	at knot//net.minecraft.client.main.Main.main(Main.java:250)
	at net.fabricmc.loader.impl.game.minecraft.MinecraftGameProvider.launch(MinecraftGameProvider.java:514)
	at net.fabricmc.loader.impl.launch.knot.Knot.launch(Knot.java:72)
	at net.fabricmc.loader.impl.launch.knot.KnotClient.main(KnotClient.java:23)
	at java.base/jdk.internal.reflect.DirectMethodHandleAccessor.invoke(DirectMethodHandleAccessor.java:103)
	at java.base/java.lang.reflect.Method.invoke(Method.java:580)
	at com.modrinth.theseus.MinecraftLaunch.relaunch(MinecraftLaunch.java:63)
	at com.modrinth.theseus.MinecraftLaunch.main(MinecraftLaunch.java:28)
[14:32:33] [Render thread/WARN] [RegionTexture] Can't bind texture: 
java.lang.NullPointerException: Cannot invoke "net.minecraft.class_10868.method_68427()" because "this.field_56974" is null
	at knot//journeymap.client.texture.RegionTexture.bindRegionTexture(RegionTexture.java:87)
	at knot//journeymap.client.texture.RegionTexture.bind(RegionTexture.java:64)
	at knot//journeymap.client.render.map.RegionTile.updateRegionTexture(RegionTile.java:171)
	at knot//journeymap.client.render.map.RegionTile.render(RegionTile.java:58)
	at knot//journeymap.client.render.map.MapRenderer.lambda$render$4(MapRenderer.java:247)
	at knot//journeymap.client.render.pip.RegionTilePipRenderer.render(RegionTilePipRenderer.java:17)
	at knot//journeymap.client.render.pip.RegionTilePipRenderer.render(RegionTilePipRenderer.java:6)
	at knot//journeymap.client.render.pip.AbstractMapPipRenderer.renderToTexture(AbstractMapPipRenderer.java:41)
	at knot//journeymap.client.render.pip.AbstractMapPipRenderer.method_70905(AbstractMapPipRenderer.java:19)
	at knot//net.minecraft.class_11239.method_70913(class_11239.java:57)
	at knot//net.minecraft.class_11228.method_70888(class_11228.java:412)
	at knot//net.minecraft.class_11228.method_71056(class_11228.java:405)
	at knot//net.minecraft.class_11246.method_71065(class_11246.java:209)
	at knot//net.minecraft.class_11246.method_71061(class_11246.java:244)
	at knot//net.minecraft.class_11246.method_71061(class_11246.java:246)
	at knot//net.minecraft.class_11246.method_71074(class_11246.java:239)
	at knot//net.minecraft.class_11246.method_71071(class_11246.java:205)
	at knot//net.minecraft.class_11228.method_70893(class_11228.java:404)
	at knot//net.minecraft.class_11228.method_71290(class_11228.java:203)
	at knot//net.minecraft.class_11228.method_70890(class_11228.java:168)
	at knot//net.minecraft.class_757.method_3192(class_757.java:585)
	at knot//net.minecraft.class_310.method_1523(class_310.java:1393)
	at knot//net.minecraft.class_310.method_1514(class_310.java:966)
	at knot//net.minecraft.client.main.Main.main(Main.java:250)
	at net.fabricmc.loader.impl.game.minecraft.MinecraftGameProvider.launch(MinecraftGameProvider.java:514)
	at net.fabricmc.loader.impl.launch.knot.Knot.launch(Knot.java:72)
	at net.fabricmc.loader.impl.launch.knot.KnotClient.main(KnotClient.java:23)
	at java.base/jdk.internal.reflect.DirectMethodHandleAccessor.invoke(DirectMethodHandleAccessor.java:103)
	at java.base/java.lang.reflect.Method.invoke(Method.java:580)
	at com.modrinth.theseus.MinecraftLaunch.relaunch(MinecraftLaunch.java:63)
	at com.modrinth.theseus.MinecraftLaunch.main(MinecraftLaunch.java:28)
[14:32:33] [Render thread/WARN] [RegionTexture] Can't bind texture: 
java.lang.NullPointerException: Cannot invoke "net.minecraft.class_10868.method_68427()" because "this.field_56974" is null
	at knot//journeymap.client.texture.RegionTexture.bindRegionTexture(RegionTexture.java:87)
	at knot//journeymap.client.texture.RegionTexture.bind(RegionTexture.java:64)
	at knot//journeymap.client.render.map.RegionTile.updateRegionTexture(RegionTile.java:171)
	at knot//journeymap.client.render.map.RegionTile.render(RegionTile.java:58)
	at knot//journeymap.client.render.map.MapRenderer.lambda$render$4(MapRenderer.java:247)
	at knot//journeymap.client.render.pip.RegionTilePipRenderer.render(RegionTilePipRenderer.java:17)
	at knot//journeymap.client.render.pip.RegionTilePipRenderer.render(RegionTilePipRenderer.java:6)
	at knot//journeymap.client.render.pip.AbstractMapPipRenderer.renderToTexture(AbstractMapPipRenderer.java:41)
	at knot//journeymap.client.render.pip.AbstractMapPipRenderer.method_70905(AbstractMapPipRenderer.java:19)
	at knot//net.minecraft.class_11239.method_70913(class_11239.java:57)
	at knot//net.minecraft.class_11228.method_70888(class_11228.java:412)
	at knot//net.minecraft.class_11228.method_71056(class_11228.java:405)
	at knot//net.minecraft.class_11246.method_71065(class_11246.java:209)
	at knot//net.minecraft.class_11246.method_71061(class_11246.java:244)
	at knot//net.minecraft.class_11246.method_71061(class_11246.java:246)
	at knot//net.minecraft.class_11246.method_71074(class_11246.java:239)
	at knot//net.minecraft.class_11246.method_71071(class_11246.java:205)
	at knot//net.minecraft.class_11228.method_70893(class_11228.java:404)
	at knot//net.minecraft.class_11228.method_71290(class_11228.java:203)
	at knot//net.minecraft.class_11228.method_70890(class_11228.java:168)
	at knot//net.minecraft.class_757.method_3192(class_757.java:585)
	at knot//net.minecraft.class_310.method_1523(class_310.java:1393)
	at knot//net.minecraft.class_310.method_1514(class_310.java:966)
	at knot//net.minecraft.client.main.Main.main(Main.java:250)
	at net.fabricmc.loader.impl.game.minecraft.MinecraftGameProvider.launch(MinecraftGameProvider.java:514)
	at net.fabricmc.loader.impl.launch.knot.Knot.launch(Knot.java:72)
	at net.fabricmc.loader.impl.launch.knot.KnotClient.main(KnotClient.java:23)
	at java.base/jdk.internal.reflect.DirectMethodHandleAccessor.invoke(DirectMethodHandleAccessor.java:103)
	at java.base/java.lang.reflect.Method.invoke(Method.java:580)
	at com.modrinth.theseus.MinecraftLaunch.relaunch(MinecraftLaunch.java:63)
	at com.modrinth.theseus.MinecraftLaunch.main(MinecraftLaunch.java:28)
[14:32:33] [Render thread/WARN] [RegionTexture] Can't bind texture: 
java.lang.NullPointerException: Cannot invoke "net.minecraft.class_10868.method_68427()" because "this.field_56974" is null
	at knot//journeymap.client.texture.RegionTexture.bindRegionTexture(RegionTexture.java:87)
	at knot//journeymap.client.texture.RegionTexture.bind(RegionTexture.java:64)
	at knot//journeymap.client.render.map.RegionTile.updateRegionTexture(RegionTile.java:171)
	at knot//journeymap.client.render.map.RegionTile.render(RegionTile.java:58)
	at knot//journeymap.client.render.map.MapRenderer.lambda$render$4(MapRenderer.java:247)
	at knot//journeymap.client.render.pip.RegionTilePipRenderer.render(RegionTilePipRenderer.java:17)
	at knot//journeymap.client.render.pip.RegionTilePipRenderer.render(RegionTilePipRenderer.java:6)
	at knot//journeymap.client.render.pip.AbstractMapPipRenderer.renderToTexture(AbstractMapPipRenderer.java:41)
	at knot//journeymap.client.render.pip.AbstractMapPipRenderer.method_70905(AbstractMapPipRenderer.java:19)
	at knot//net.minecraft.class_11239.method_70913(class_11239.java:57)
	at knot//net.minecraft.class_11228.method_70888(class_11228.java:412)
	at knot//net.minecraft.class_11228.method_71056(class_11228.java:405)
	at knot//net.minecraft.class_11246.method_71065(class_11246.java:209)
	at knot//net.minecraft.class_11246.method_71061(class_11246.java:244)
	at knot//net.minecraft.class_11246.method_71061(class_11246.java:246)
	at knot//net.minecraft.class_11246.method_71074(class_11246.java:239)
	at knot//net.minecraft.class_11246.method_71071(class_11246.java:205)
	at knot//net.minecraft.class_11228.method_70893(class_11228.java:404)
	at knot//net.minecraft.class_11228.method_71290(class_11228.java:203)
	at knot//net.minecraft.class_11228.method_70890(class_11228.java:168)
	at knot//net.minecraft.class_757.method_3192(class_757.java:585)
	at knot//net.minecraft.class_310.method_1523(class_310.java:1393)
	at knot//net.minecraft.class_310.method_1514(class_310.java:966)
	at knot//net.minecraft.client.main.Main.main(Main.java:250)
	at net.fabricmc.loader.impl.game.minecraft.MinecraftGameProvider.launch(MinecraftGameProvider.java:514)
	at net.fabricmc.loader.impl.launch.knot.Knot.launch(Knot.java:72)
	at net.fabricmc.loader.impl.launch.knot.KnotClient.main(KnotClient.java:23)
	at java.base/jdk.internal.reflect.DirectMethodHandleAccessor.invoke(DirectMethodHandleAccessor.java:103)
	at java.base/java.lang.reflect.Method.invoke(Method.java:580)
	at com.modrinth.theseus.MinecraftLaunch.relaunch(MinecraftLaunch.java:63)
	at com.modrinth.theseus.MinecraftLaunch.main(MinecraftLaunch.java:28)
[14:43:15] [Server thread/INFO] [JourneyMapTeleport] albert4535 teleported to 917.5 160.0 1116.5 minecraft:overworld
[14:43:16] [Render thread/WARN] [RegionTexture] Can't bind texture: 
java.lang.NullPointerException: Cannot invoke "net.minecraft.class_10868.method_68427()" because "this.field_56974" is null
	at knot//journeymap.client.texture.RegionTexture.bindRegionTexture(RegionTexture.java:87)
	at knot//journeymap.client.texture.RegionTexture.bind(RegionTexture.java:64)
	at knot//journeymap.client.render.map.RegionTile.updateRegionTexture(RegionTile.java:171)
	at knot//journeymap.client.render.map.RegionTile.render(RegionTile.java:58)
	at knot//journeymap.client.render.map.MapRenderer.lambda$render$4(MapRenderer.java:247)
	at knot//journeymap.client.render.pip.RegionTilePipRenderer.render(RegionTilePipRenderer.java:17)
	at knot//journeymap.client.render.pip.RegionTilePipRenderer.render(RegionTilePipRenderer.java:6)
	at knot//journeymap.client.render.pip.AbstractMapPipRenderer.renderToTexture(AbstractMapPipRenderer.java:41)
	at knot//journeymap.client.render.pip.AbstractMapPipRenderer.method_70905(AbstractMapPipRenderer.java:19)
	at knot//net.minecraft.class_11239.method_70913(class_11239.java:57)
	at knot//net.minecraft.class_11228.method_70888(class_11228.java:412)
	at knot//net.minecraft.class_11228.method_71056(class_11228.java:405)
	at knot//net.minecraft.class_11246.method_71065(class_11246.java:209)
	at knot//net.minecraft.class_11246.method_71061(class_11246.java:244)
	at knot//net.minecraft.class_11246.method_71061(class_11246.java:246)
	at knot//net.minecraft.class_11246.method_71061(class_11246.java:246)
	at knot//net.minecraft.class_11246.method_71074(class_11246.java:239)
	at knot//net.minecraft.class_11246.method_71071(class_11246.java:205)
	at knot//net.minecraft.class_11228.method_70893(class_11228.java:404)
	at knot//net.minecraft.class_11228.method_71290(class_11228.java:203)
	at knot//net.minecraft.class_11228.method_70890(class_11228.java:168)
	at knot//net.minecraft.class_757.method_3192(class_757.java:585)
	at knot//net.minecraft.class_310.method_1523(class_310.java:1393)
	at knot//net.minecraft.class_310.method_1514(class_310.java:966)
	at knot//net.minecraft.client.main.Main.main(Main.java:250)
	at net.fabricmc.loader.impl.game.minecraft.MinecraftGameProvider.launch(MinecraftGameProvider.java:514)
	at net.fabricmc.loader.impl.launch.knot.Knot.launch(Knot.java:72)
	at net.fabricmc.loader.impl.launch.knot.KnotClient.main(KnotClient.java:23)
	at java.base/jdk.internal.reflect.DirectMethodHandleAccessor.invoke(DirectMethodHandleAccessor.java:103)
	at java.base/java.lang.reflect.Method.invoke(Method.java:580)
	at com.modrinth.theseus.MinecraftLaunch.relaunch(MinecraftLaunch.java:63)
	at com.modrinth.theseus.MinecraftLaunch.main(MinecraftLaunch.java:28)
[14:55:10] [Netty Local IO #4/INFO] [WaypointHandler] Resetting Waypoints and Groups.
[14:55:10] [Netty Local IO #4/INFO] [WaypointStore] Loaded 26 waypoints from disk.
[14:55:10] [Netty Local IO #4/INFO] [WaypointGroupStore] Loaded 5 waypoint groups from disk.
[14:55:12] [Render thread/INFO] [JourneymapClient] Mapping halted in C:\Users\Albert\AppData\Roaming\ModrinthApp\profiles\Jotunheimr\journeymap\data\mp\offline\minecraft:overworld
[14:55:12] [Render thread/INFO] [TextureCache] [JourneyMap]: Purging Theme Images
[14:55:12] [Render thread/INFO] [TextureCache] [JourneyMap]: Purging Region Images
[14:55:14] [Render thread/INFO] [TextureCache] [JourneyMap]: Purging Mob Icon Images
